Alvaro says: 'what is a regular expression'
    Someone older says to him: "let drama go"
    He answers with "Speak is easy"
    There is no need to escape this ' symbol because in Hulk it is not a special character
    