There was a parsing error :
Near error on line 0, star:
0 print(tan(PI) ** 2 + cot(PI) ** 2); #error
1 let msg = "Hello World" in print(msg);

0 print(tan(PI) ** 2 + cot(PI) ** 2); #error
0                ^
Trying to recovery from error
----------------
Seq: 
insert id
----------------
----------------
Seq: 
insert id
----------------
----------------
Seq: 
insert false
----------------
----------------
Seq: 
insert number
----------------
----------------
Seq: 
insert number
----------------
----------------
Seq: 
insert id
----------------
----------------
Seq: 
insert base
----------------
----------------
Seq: 
insert base
----------------
----------------
Seq: 
insert base
----------------
----------------
Seq: 
insert self
----------------
----------------
Seq: 
insert self
----------------
----------------
Seq: 
insert self
----------------
----------------
Seq: 
insert true
----------------
----------------
Seq: 
insert number
----------------
----------------
Seq: 
insert string
----------------
----------------
Seq: 
insert false
----------------
----------------
Seq: 
insert false
----------------
----------------
Seq: 
insert base
----------------
----------------
Seq: 
insert base
----------------
----------------
Seq: 
insert id
----------------
----------------
Seq: 
insert id
----------------
----------------
Seq: 
delete star *  at line 0 at position 15 
----------------
----------------
Seq: 
insert self
----------------
----------------
Seq: 
insert string
----------------
----------------
Seq: 
insert true
----------------
----------------
Seq: 
insert self
----------------
----------------
Seq: 
insert string
----------------
----------------
Seq: 
delete star *  at line 0 at position 15 
----------------
----------------
Seq: 
insert false
----------------
----------------
Seq: 
insert number
----------------
----------------
Seq: 
insert false
----------------
----------------
Seq: 
insert true
----------------
----------------
Seq: 
insert self
----------------
----------------
Seq: 
delete star *  at line 0 at position 15 
----------------
----------------
Seq: 
insert string
----------------
----------------
Seq: 
insert base
----------------
----------------
Seq: 
delete star *  at line 0 at position 15 
----------------
----------------
Seq: 
insert self
----------------
----------------
Seq: 
insert id
----------------
----------------
Seq: 
insert id
----------------
----------------
Seq: 
insert base
----------------
----------------
Seq: 
insert number
----------------
----------------
Seq: 
insert base
----------------
----------------
Seq: 
insert true
----------------
----------------
Seq: 
delete star *  at line 0 at position 15 
----------------
----------------
Seq: 
delete star *  at line 0 at position 15 
----------------
----------------
Seq: 
insert number
----------------
----------------
Seq: 
insert string
----------------
----------------
Seq: 
delete star *  at line 0 at position 15 
----------------
----------------
Seq: 
insert number
----------------
----------------
Seq: 
insert id
----------------
----------------
Seq: 
insert false
----------------
----------------
Seq: 
insert number
----------------
----------------
Seq: 
insert self
----------------
----------------
Seq: 
insert number
----------------
----------------
Seq: 
insert false
----------------
----------------
Seq: 
insert number
----------------
----------------
Seq: 
insert number
----------------
----------------
Seq: 
insert false
----------------
----------------
Seq: 
insert self
----------------
----------------
Seq: 
insert id
----------------
----------------
Seq: 
insert true
----------------
----------------
Seq: 
insert id
----------------
----------------
Seq: 
insert string
----------------
----------------
Seq: 
delete star *  at line 0 at position 15 
----------------
----------------
Seq: 
insert false
----------------
----------------
Seq: 
insert base
----------------
----------------
Seq: 
insert base
----------------
----------------
Seq: 
insert number
----------------
----------------
Seq: 
insert base
----------------
----------------
Seq: 
insert true
----------------
----------------
Seq: 
insert self
----------------
----------------
Seq: 
delete star *  at line 0 at position 15 
----------------
----------------
Seq: 
delete star *  at line 0 at position 15 
----------------
----------------
Seq: 
insert id
----------------
----------------
Seq: 
insert string
----------------
----------------
Seq: 
insert number
----------------
----------------
Seq: 
insert false
----------------
----------------
Seq: 
insert false
----------------
----------------
Seq: 
insert number
----------------
----------------
Seq: 
insert false
----------------
----------------
Seq: 
insert id
----------------
----------------
Seq: 
insert id
----------------
----------------
Seq: 
insert base
----------------
----------------
Seq: 
insert id
----------------
----------------
Seq: 
insert true
----------------
----------------
Seq: 
insert self
----------------
----------------
Seq: 
delete star *  at line 0 at position 15 
----------------
----------------
Seq: 
insert self
----------------
----------------
Seq: 
insert base
----------------
----------------
Seq: 
insert self
----------------
----------------
Seq: 
delete star *  at line 0 at position 15 
----------------
----------------
Seq: 
insert string
----------------
----------------
Seq: 
insert string
----------------
----------------
Seq: 
delete star *  at line 0 at position 15 
----------------
----------------
Seq: 
insert base
----------------
----------------
Seq: 
insert false
----------------
----------------
Seq: 
insert true
----------------
----------------
Seq: 
insert string
----------------
----------------
Seq: 
insert base
----------------
----------------
Seq: 
insert false
----------------
----------------
Seq: 
insert number
----------------
----------------
Seq: 
insert number
----------------
----------------
Seq: 
insert id
----------------
----------------
Seq: 
insert true
----------------
----------------
Seq: 
insert false
----------------
----------------
Seq: 
insert string
----------------
----------------
Seq: 
insert true
----------------
----------------
Seq: 
insert true
----------------
----------------
Seq: 
delete star *  at line 0 at position 15 
----------------
----------------
Seq: 
insert string
----------------
----------------
Seq: 
insert string
----------------
----------------
Seq: 
insert self
----------------
----------------
Seq: 
insert false
----------------
----------------
Seq: 
insert base
----------------
----------------
Seq: 
insert true
----------------
----------------
Seq: 
insert false
----------------
----------------
Seq: 
insert id
----------------
----------------
Seq: 
insert string
----------------
----------------
Seq: 
delete star *  at line 0 at position 15 
----------------
----------------
Seq: 
insert number
----------------
----------------
Seq: 
insert number
----------------
----------------
Seq: 
insert id
----------------
----------------
Seq: 
insert base
----------------
----------------
Seq: 
insert false
----------------
----------------
Seq: 
insert true
----------------
----------------
Seq: 
delete star *  at line 0 at position 15 
----------------
----------------
Seq: 
insert string
----------------
----------------
Seq: 
insert number
----------------
----------------
Seq: 
insert base
----------------
----------------
Seq: 
delete star *  at line 0 at position 15 
----------------
----------------
Seq: 
insert string
----------------
----------------
Seq: 
insert id
----------------
----------------
Seq: 
delete star *  at line 0 at position 15 
----------------
----------------
Seq: 
insert true
----------------
----------------
Seq: 
insert self
----------------
----------------
Seq: 
insert string
----------------
----------------
Seq: 
insert number
----------------
----------------
Seq: 
insert self
----------------
----------------
Seq: 
insert number
----------------
----------------
Seq: 
insert self
----------------
----------------
Seq: 
insert false
----------------
----------------
Seq: 
insert self
----------------
----------------
Seq: 
insert self
----------------
----------------
Seq: 
insert id
----------------
----------------
Seq: 
insert self
----------------
----------------
Seq: 
insert base
----------------
----------------
Seq: 
insert self
----------------
----------------
Seq: 
insert base
----------------
----------------
Seq: 
insert number
----------------
----------------
Seq: 
insert base
----------------
----------------
Seq: 
insert true
----------------
----------------
Seq: 
delete star *  at line 0 at position 15 
----------------
----------------
Seq: 
insert string
----------------
----------------
Seq: 
delete star *  at line 0 at position 15 
----------------
----------------
Seq: 
insert true
----------------
----------------
Seq: 
insert true
----------------
----------------
Seq: 
delete star *  at line 0 at position 15 
----------------
----------------
Seq: 
insert string
----------------
----------------
Seq: 
insert false
----------------
----------------
Seq: 
insert number
----------------
----------------
Seq: 
insert false
----------------
----------------
Seq: 
insert number
----------------
----------------
Seq: 
insert number
----------------
----------------
Seq: 
insert self
----------------
----------------
Seq: 
insert id
----------------
----------------
Seq: 
insert id
----------------
----------------
Seq: 
insert true
----------------
----------------
Seq: 
insert self
----------------
----------------
Seq: 
insert true
----------------
----------------
Seq: 
delete star *  at line 0 at position 15 
----------------
----------------
Seq: 
insert string
----------------
----------------
Seq: 
insert string
----------------
----------------
Seq: 
insert true
----------------
----------------
Seq: 
delete star *  at line 0 at position 15 
----------------
----------------
Seq: 
insert string
----------------
----------------
Seq: 
insert number
----------------
----------------
Seq: 
insert false
----------------
----------------
Seq: 
insert true
----------------
----------------
Seq: 
delete star *  at line 0 at position 15 
----------------
----------------
Seq: 
insert string
----------------
----------------
Seq: 
insert true
----------------
----------------
Seq: 
insert id
----------------
----------------
Seq: 
delete star *  at line 0 at position 15 
----------------
----------------
Seq: 
insert string
----------------
----------------
Seq: 
insert number
----------------
----------------
Seq: 
insert self
----------------
----------------
Seq: 
insert true
----------------
----------------
Seq: 
insert self
----------------
----------------
Seq: 
insert self
----------------
----------------
Seq: 
insert true
----------------
----------------
Seq: 
insert base
----------------
----------------
Seq: 
insert number
----------------
----------------
Seq: 
insert string
----------------
----------------
Seq: 
delete star *  at line 0 at position 15 
----------------
----------------
Seq: 
insert false
----------------
----------------
Seq: 
insert base
----------------
----------------
Seq: 
insert base
----------------
----------------
Seq: 
insert true
----------------
----------------
Seq: 
insert base
----------------
----------------
Seq: 
insert id
----------------
----------------
Seq: 
delete star *  at line 0 at position 15 
----------------
----------------
Seq: 
insert string
----------------
----------------
Seq: 
insert base
----------------
----------------
Seq: 
insert number
----------------
----------------
Seq: 
insert false
----------------
----------------
Seq: 
insert base
----------------
----------------
Seq: 
insert false
----------------
----------------
Seq: 
insert self
----------------
----------------
Seq: 
insert false
----------------
----------------
Seq: 
insert id
----------------
----------------
Seq: 
delete star *  at line 0 at position 15 
----------------
----------------
Seq: 
insert false
----------------
----------------
Seq: 
insert id
----------------
----------------
Seq: 
insert false
----------------
----------------
Seq: 
insert true
----------------
----------------
Seq: 
insert id
----------------
----------------
Seq: 
insert string
----------------
----------------
Seq: 
insert false
----------------
----------------
Seq: 
insert true
----------------
----------------
Seq: 
insert false
----------------
----------------
Seq: 
insert string
----------------
----------------
Seq: 
insert id
----------------
----------------
Seq: 
insert id
----------------
----------------
Seq: 
insert base
----------------
----------------
Seq: 
insert number
----------------
----------------
Seq: 
insert id
----------------
----------------
Seq: 
insert id
----------------
----------------
Seq: 
insert self
----------------
----------------
Seq: 
insert self
----------------
----------------
Seq: 
insert base
----------------
----------------
Seq: 
insert base
----------------
----------------
Seq: 
insert self
----------------
----------------
Seq: 
insert true
----------------
----------------
Seq: 
insert true
----------------
----------------
Seq: 
delete star *  at line 0 at position 15 
----------------
----------------
Seq: 
insert true
----------------
----------------
Seq: 
insert string
----------------
----------------
Seq: 
insert string
----------------
