true
false
Null pointer
30.00000000
40.00000000

