Pancho
My size is 20
Call me Jenn
My size is 30
Call me John

