There was a parsing error :
Near error on line 28, let:
26 
27 
28 let i = 0 in
29 while (i < 10) 

28 let i = 0 in
28 ^
Trying to recovery from error
