Sir Phil Collins
Thomas Shelby
43.00000000
43.00000000

