Top: 4
Count: 1
Top: 4
Count: 1
Top: 10
Count: 2

