3.00000000
2.00000000
1.00000000


100.00000000
25.00000000
10.00000000
3.00000000
2.00000000
1.00000000

